C:\Users\gupta.mani\Desktop\test\reids\Logical\Global.typ
C:\Users\gupta.mani\Desktop\test\reids\Logical\Global.var
C:\Users\gupta.mani\Desktop\test\reids\Logical\Libraries\operator\operator.fun
C:\Users\gupta.mani\Desktop\test\reids\Logical\Libraries\operator\operator.typ
C:\Users\gupta.mani\Desktop\test\reids\Logical\Libraries\operator\operator.var
C:\Users\gupta.mani\Desktop\test\reids\Logical\Libraries\runtime\runtime.fun
C:\Users\gupta.mani\Desktop\test\reids\Logical\Libraries\runtime\runtime.typ
C:\Users\gupta.mani\Desktop\test\reids\Logical\Libraries\runtime\runtime.var
C:\Users\gupta.mani\Desktop\test\reids\Logical\Libraries\astime\astime.fun
C:\Users\gupta.mani\Desktop\test\reids\Logical\Libraries\astime\astime.typ
C:\Users\gupta.mani\Desktop\test\reids\Logical\Libraries\astime\astime.var
C:\Users\gupta.mani\Desktop\test\reids\Logical\Libraries\AsIecCon\AsIecCon.fun
C:\Users\gupta.mani\Desktop\test\reids\Logical\Libraries\AsIecCon\AsIecCon.typ
C:\Users\gupta.mani\Desktop\test\reids\Logical\Libraries\AsIecCon\AsIecCon.var
C:\Users\gupta.mani\Desktop\test\reids\Logical\Libraries\AsBrStr\AsBrStr.fun
C:\Users\gupta.mani\Desktop\test\reids\Logical\Libraries\AsBrStr\AsBrStr.typ
C:\Users\gupta.mani\Desktop\test\reids\Logical\Libraries\AsBrStr\AsBrStr.var
C:\Users\gupta.mani\Desktop\test\reids\Logical\RevInfo\RevInfo.var
